// Jest Snapshot v1, https://goo.gl/fbAQLP

exports[`download_file when it returns an error rejects with the error 1`] = `"It's a lot of bad things That they wishin' and wishin' and wishin' and wishin' They wishin' on me Yuh, ayy, ayy"`;
