// Jest Snapshot v1, https://goo.gl/fbAQLP

exports[`get_file_info when the operation is unsuccessfull rejects with the error 1`] = `[Error: Oh boy!]`;
