// Jest Snapshot v1, https://goo.gl/fbAQLP

exports[`Azure Blob Folder list_files gives you a list of files and folders 1`] = `
Array [
  Object {
    "id": "testDirectory",
    "type": "folder",
  },
  Object {
    "id": "testFile.txt",
    "type": "file",
  },
]
`;
