// Jest Snapshot v1, https://goo.gl/fbAQLP

exports[`Box integration credentials connection authenticate fails with an error when passed in no props 1`] = `"Argument is undefined."`;
