// Jest Snapshot v1, https://goo.gl/fbAQLP

exports[`file constructor when connection type is something else throws an error 1`] = `"Unrecognized connection type: idk"`;
