// Jest Snapshot v1, https://goo.gl/fbAQLP

exports[`item delete when the operation is unsuccessfull rejects with the error 1`] = `"Oh bother!"`;

exports[`item get_name when the name has not already been retrieved when the operation is unsuccessfull rejects with the error 1`] = `"Ask it"`;

exports[`item get_parent when the parent has not already been retrieved when the operation is unsuccessfull rejects with the error 1`] = `"Aol it"`;

exports[`item retrieve_info when the folder is not trashed and has multiple parents sets parents array to all parent files 1`] = `
Array [
  Folder {
    "connection": Object {
      "get_folder_info": [MockFunction] {
        "calls": Array [
          Array [
            "1234",
          ],
        ],
        "results": Array [
          Object {
            "type": "return",
            "value": Promise {},
          },
        ],
      },
    },
    "id": 4444,
    "type": "folder",
  },
  Folder {
    "connection": Object {
      "get_folder_info": [MockFunction] {
        "calls": Array [
          Array [
            "1234",
          ],
        ],
        "results": Array [
          Object {
            "type": "return",
            "value": Promise {},
          },
        ],
      },
    },
    "id": 5555,
    "type": "folder",
  },
]
`;

exports[`item retrieve_info when the operation is unsuccessfull adds expected name to the folder object 1`] = `"Bing it"`;
