// Jest Snapshot v1, https://goo.gl/fbAQLP

exports[`authenticate when fs.writeFile returns an error throws an error 1`] = `
"Error saving Box Credentials file:
not null"
`;

exports[`authenticate when getTokensAuthorizationCodeGrant returns an error throws an error 1`] = `undefined`;

exports[`authenticate when getTokensRefreshGrant returns an error throws an error 1`] = `undefined`;

exports[`authenticate when provided an access_token and refresh_token with access_token_TTLMS and acquired_at_MS calls getPersistentClient with provided token info 1`] = `
Object {
  "accessToken": "accessington",
  "accessTokenTTLMS": "timington",
  "acquiredAtMS": "millisecondington",
  "refreshToken": "refreshington",
}
`;

exports[`authenticate when provided an access_token and refresh_token without access_token_TTLMS or acquired_at_MS when save_credentials_to_file is false calls getPersistentClient with the expected tokenInfo 1`] = `
Object {
  "accessToken": "accessington",
  "accessTokenTTLMS": "timington",
  "acquiredAtMS": "millisecondington",
  "refreshToken": "refreshington",
}
`;

exports[`authenticate when provided an access_token and refresh_token without access_token_TTLMS or acquired_at_MS when save_credentials_to_file is false sets data.credentials.tokens to expected values 1`] = `
Object {
  "access_token": "accessington",
  "access_token_TTLMS": "timington",
  "acquired_at_MS": "millisecondington",
  "refresh_token": "refreshington",
}
`;

exports[`authenticate when provided an access_token and refresh_token without access_token_TTLMS or acquired_at_MS when save_credentials_to_file is true calls getPersistentClient with the expected tokenInfo 1`] = `
Object {
  "accessToken": "accessington",
  "accessTokenTTLMS": "timington",
  "acquiredAtMS": "millisecondington",
  "refreshToken": "refreshington",
}
`;

exports[`authenticate when provided an access_token and refresh_token without access_token_TTLMS or acquired_at_MS when save_credentials_to_file is true sets data.credentials.tokens to expected values 1`] = `
Object {
  "access_token": "accessington",
  "access_token_TTLMS": "timington",
  "acquired_at_MS": "millisecondington",
  "refresh_token": "refreshington",
}
`;

exports[`authenticate when provided an access_token and refresh_token without access_token_TTLMS or acquired_at_MS when save_credentials_to_file is true tokenStore clear calls console.log alerting of the unsupported operation 1`] = `"Tokenstore clear was called. Currently unsupported"`;

exports[`authenticate when provided an access_token and refresh_token without access_token_TTLMS or acquired_at_MS when save_credentials_to_file is true tokenStore read calls the callback with the expected tokenInfo 1`] = `
Object {
  "accessToken": "accessington",
  "accessTokenTTLMS": "timington",
  "acquiredAtMS": "millisecondington",
  "refreshToken": "refreshington",
}
`;

exports[`authenticate when provided an authentication_token when save_credentials_to_file is false sets data.credentials.tokens to expected values 1`] = `
Object {
  "access_token": "accessington",
  "access_token_TTLMS": "timington",
  "acquired_at_MS": "millisecondington",
  "refresh_token": "refreshington",
}
`;

exports[`authenticate when provided an authentication_token when save_credentials_to_file is true sets data.credentials.tokens to expected values 1`] = `
Object {
  "access_token": "accessington",
  "access_token_TTLMS": "timington",
  "acquired_at_MS": "millisecondington",
  "refresh_token": "refreshington",
}
`;

exports[`authenticate when provided nothing of use throws an error 1`] = `"Unsupported properties"`;

exports[`authenticate when provided nothing throws an error 1`] = `"Argument is undefined."`;
